[template.codexshaper.com/admin/dashkit/dashboard-lms-dark.html]
[backblue.gif]
[fade.gif]
[index.html]
[template.codexshaper.com/admin/dashkit/assets/images/favicon.ico]
[template.codexshaper.com/admin/dashkit/assets/css/output.css]
[template.codexshaper.com/admin/dashkit/assets/pre-loader/bar-loader.gif]
[template.codexshaper.com/admin/dashkit/notification.html]
[template.codexshaper.com/admin/dashkit/assets/images/user/user-1.png]
[template.codexshaper.com/admin/dashkit/assets/images/user/user-2.png]
[template.codexshaper.com/admin/dashkit/assets/images/flag/us.svg]
[template.codexshaper.com/admin/dashkit/assets/images/flag/es.svg]
[template.codexshaper.com/admin/dashkit/assets/images/flag/fr.svg]
[template.codexshaper.com/admin/dashkit/assets/images/flag/it.svg]
[template.codexshaper.com/admin/dashkit/assets/images/flag/ar.svg]
[template.codexshaper.com/admin/dashkit/assets/images/user/profile-img.png]
[template.codexshaper.com/admin/dashkit/index.html]
[template.codexshaper.com/admin/dashkit/account-setting.html]
[template.codexshaper.com/admin/dashkit/sign-in.html]
[template.codexshaper.com/admin/dashkit/assets/images/logo/logo-text.svg]
[template.codexshaper.com/admin/dashkit/assets/images/logo/logo-text-dark.svg]
[template.codexshaper.com/admin/dashkit/assets/images/logo/logo-icon.svg]
[template.codexshaper.com/admin/dashkit/dashboard-lms.html]
[template.codexshaper.com/admin/dashkit/dashboard-analytic.html]
[template.codexshaper.com/admin/dashkit/dashboard-online-course.html]
[template.codexshaper.com/admin/dashkit/dashboard-ecommerce.html]
[template.codexshaper.com/admin/dashkit/dashboard-project-manager.html]
[template.codexshaper.com/admin/dashkit/dashboard-logistic.html]
[template.codexshaper.com/admin/dashkit/dashboard-delivery.html]
[template.codexshaper.com/admin/dashkit/app-list.html]
[template.codexshaper.com/admin/dashkit/app-grid.html]
[template.codexshaper.com/admin/dashkit/pricing.html]
[template.codexshaper.com/admin/dashkit/maintenance.html]
[template.codexshaper.com/admin/dashkit/faq.html]
[template.codexshaper.com/admin/dashkit/not-found.html]
[template.codexshaper.com/admin/dashkit/success-confirmation.html]
[template.codexshaper.com/admin/dashkit/blog.html]
[template.codexshaper.com/admin/dashkit/blog-details.html]
[template.codexshaper.com/admin/dashkit/sign-up.html]
[template.codexshaper.com/admin/dashkit/two-step.html]
[template.codexshaper.com/admin/dashkit/forgot-password.html]
[template.codexshaper.com/admin/dashkit/new-password.html]
[template.codexshaper.com/admin/dashkit/log-device.html]
[template.codexshaper.com/admin/dashkit/payment-info.html]
[template.codexshaper.com/admin/dashkit/payment-history.html]
[template.codexshaper.com/admin/dashkit/payout-history.html]
[template.codexshaper.com/admin/dashkit/all-course.html]
[template.codexshaper.com/admin/dashkit/create-course.html]
[template.codexshaper.com/admin/dashkit/edit-course.html]
[template.codexshaper.com/admin/dashkit/course-details.html]
[template.codexshaper.com/admin/dashkit/mailbox.html]
[template.codexshaper.com/admin/dashkit/mail-compose.html]
[template.codexshaper.com/admin/dashkit/mail-read.html]
[template.codexshaper.com/admin/dashkit/chatbox.html]
[template.codexshaper.com/admin/dashkit/file-manager.html]
[template.codexshaper.com/admin/dashkit/calendar-multi-month-stack.html]
[template.codexshaper.com/admin/dashkit/component-accordion.html]
[template.codexshaper.com/admin/dashkit/component-aleart.html]
[template.codexshaper.com/admin/dashkit/component-badge.html]
[template.codexshaper.com/admin/dashkit/component-button.html]
[template.codexshaper.com/admin/dashkit/component-drawer.html]
[template.codexshaper.com/admin/dashkit/component-modal.html]
[template.codexshaper.com/admin/dashkit/component-rating.html]
[template.codexshaper.com/admin/dashkit/component-breadcrumb.html]
[template.codexshaper.com/admin/dashkit/component-navbar.html]
[template.codexshaper.com/admin/dashkit/component-pagination.html]
[template.codexshaper.com/admin/dashkit/component-checkbox.html]
[template.codexshaper.com/admin/dashkit/component-color-picker.html]
[template.codexshaper.com/admin/dashkit/component-form-editor.html]
[template.codexshaper.com/admin/dashkit/component-file-upload.html]
[template.codexshaper.com/admin/dashkit/component-form-input.html]
[template.codexshaper.com/admin/dashkit/component-form-layout.html]
[template.codexshaper.com/admin/dashkit/component-form-select.html]
[template.codexshaper.com/admin/dashkit/component-range-slider.html]
[template.codexshaper.com/admin/dashkit/component-datatable.html]
[template.codexshaper.com/admin/dashkit/component-table.html]
[template.codexshaper.com/admin/dashkit/component-container.html]
[template.codexshaper.com/admin/dashkit/component-typography.html]
[template.codexshaper.com/admin/dashkit/component-widgets.html]
[template.codexshaper.com/admin/dashkit/component-remix-icon.html]
[template.codexshaper.com/admin/dashkit/documentation.html]
[template.codexshaper.com/admin/dashkit/support.html]
[template.codexshaper.com/admin/dashkit/assets/images/loti/loti-admin-dashboard.svg]
[template.codexshaper.com/admin/dashkit/assets/images/loti/loti-admin-dashboard-dark.svg]
[template.codexshaper.com/admin/dashkit/assets/images/element/graphical-element-1.svg]
[template.codexshaper.com/admin/dashkit/assets/images/element/graphical-element-2.svg]
[template.codexshaper.com/admin/dashkit/assets/images/admin/top-course/top-course-1.png]
[template.codexshaper.com/admin/dashkit/assets/images/admin/top-course/top-course-2.png]
[template.codexshaper.com/admin/dashkit/assets/images/admin/top-course/top-course-3.png]
[template.codexshaper.com/admin/dashkit/assets/images/admin/top-course/top-course-4.png]
[template.codexshaper.com/admin/dashkit/assets/images/icons/category/graphic-design.svg]
[template.codexshaper.com/admin/dashkit/assets/images/icons/category/ui-ux.svg]
[template.codexshaper.com/admin/dashkit/assets/images/icons/category/web-dev.svg]
[template.codexshaper.com/admin/dashkit/assets/images/icons/category/digital-mar.svg]
[template.codexshaper.com/admin/dashkit/assets/images/icons/category/bus-dev.svg]
[template.codexshaper.com/admin/dashkit/assets/images/user/user-3.png]
[template.codexshaper.com/admin/dashkit/assets/images/user/user-4.png]
[template.codexshaper.com/admin/dashkit/assets/images/user/user-5.png]
[template.codexshaper.com/admin/dashkit/assets/images/user/user-6.png]
[template.codexshaper.com/cdn-cgi/scripts/5c5dd728/cloudflare-static/email-decode.min.js]
[template.codexshaper.com/admin/dashkit/assets/js/vendor/jquery.min.js]
[template.codexshaper.com/admin/dashkit/assets/js/vendor/apexcharts.min.js]
[template.codexshaper.com/admin/dashkit/assets/js/vendor/flowbite.min.js]
[template.codexshaper.com/admin/dashkit/assets/js/vendor/smooth-scrollbar/smooth-scrollbar.min.js]
[template.codexshaper.com/admin/dashkit/assets/js/pages/dashboard-lms.js]
[template.codexshaper.com/admin/dashkit/assets/js/component/app-menu-bar.js]
[template.codexshaper.com/admin/dashkit/assets/js/component/tab.js]
[template.codexshaper.com/admin/dashkit/assets/js/switcher.js]
[template.codexshaper.com/admin/dashkit/assets/js/layout.js]
[template.codexshaper.com/admin/dashkit/dashboard-lms-dark.html]
[template.codexshaper.com/admin/dashkit/assets/js/main.js]
[template.codexshaper.com/admin/dashkit/assets/icon-font/remix/remixicon117c.eot]
[template.codexshaper.com/admin/dashkit/assets/icon-font/remix/remixicon117c.woff2]
[template.codexshaper.com/admin/dashkit/assets/icon-font/remix/remixicon117c.woff]
[template.codexshaper.com/admin/dashkit/assets/icon-font/remix/remixicon117c.ttf]
[template.codexshaper.com/admin/dashkit/assets/icon-font/remix/remixicon117c.svg]
[template.codexshaper.com/admin/dashkit/assets/icon-font/summer/summernote.ttf]
[template.codexshaper.com/admin/dashkit/assets/icon-font/summer/summernote.eot]
[template.codexshaper.com/admin/dashkit/assets/icon-font/summer/summernote.woff]
[template.codexshaper.com/admin/dashkit/assets/icon-font/summer/summernote.woff2]
[template.codexshaper.com/admin/dashkit/assets/images/icons/dw-arr.svg]
[template.codexshaper.com/admin/dashkit/assets/images/icons/calendar-2-line.svg]
[template.codexshaper.com/assets/images/mask/blog-img-mask-2.png]
[template.codexshaper.com/admin/dashkit/assets/images/icons/checked.svg]
[template.codexshaper.com/admin/dashkit/assets-landing/images/footer/footer-bg.png]
[template.codexshaper.com/admin/dashkit/assets-landing/images/hero/hero-grid-bg.png]
[template.codexshaper.com/admin/dashkit/assets/images/profile/profile.png]
[template.codexshaper.com/admin/dashkit/assets/images/admin/card/pattern.png]
[template.codexshaper.com/admin/dashkit/assets/images/doc-hero-graphical-element.png]
[template.codexshaper.com/admin/dashkit/assets-landing/images/icon/slider-icon.svg]
[template.codexshaper.com/admin/dashkit/assets/images/admin/card/pattern-dark.png]
[template.codexshaper.com/admin/dashkit/assets/css/output.css]
[template.codexshaper.com/admin/dashkit/assets/images/user/user-7.png]
[template.codexshaper.com/admin/dashkit/assets/images/user/user-8.png]
[template.codexshaper.com/admin/dashkit/assets/images/icons/delete-record.png]
[template.codexshaper.com/admin/dashkit/notification.html]
[template.codexshaper.com/admin/dashkit/assets/images/flag/us.svg]
[template.codexshaper.com/admin/dashkit/assets/images/flag/es.svg]
[template.codexshaper.com/admin/dashkit/assets/images/flag/fr.svg]
[template.codexshaper.com/admin/dashkit/assets/images/flag/it.svg]
[template.codexshaper.com/admin/dashkit/assets/images/flag/ar.svg]
[template.codexshaper.com/admin/dashkit/assets-landing/images/hero/hero-banner-dark-left.png]
[template.codexshaper.com/admin/dashkit/assets-landing/images/hero/hero-banner-light.png]
[template.codexshaper.com/admin/dashkit/assets-landing/images/hero/hero-banner-dark-right.png]
[template.codexshaper.com/admin/dashkit/assets-landing/images/hero/ellipse-left.png]
[template.codexshaper.com/admin/dashkit/assets-landing/images/hero/ellipse-center.png]
[template.codexshaper.com/admin/dashkit/assets-landing/images/hero/ellipse-right.png]
[template.codexshaper.com/admin/dashkit/assets-landing/images/hero/tec-element-1.png]
[template.codexshaper.com/admin/dashkit/assets-landing/images/hero/tec-element-2.png]
[template.codexshaper.com/admin/dashkit/assets-landing/images/hero/tec-element-3.png]
[template.codexshaper.com/admin/dashkit/assets-landing/images/hero/tec-element-4.png]
[template.codexshaper.com/admin/dashkit/assets-landing/images/hero/tec-element-5.png]
[template.codexshaper.com/admin/dashkit/assets-landing/images/hero/tec-element-6.png]
[template.codexshaper.com/admin/dashkit/assets-landing/images/home/home-1-light.png]
[template.codexshaper.com/admin/dashkit/assets-landing/images/home/home-2-light.png]
[template.codexshaper.com/admin/dashkit/assets-landing/images/home/home-3-light.png]
[template.codexshaper.com/admin/dashkit/assets-landing/images/home/home-4-light.png]
[template.codexshaper.com/admin/dashkit/assets-landing/images/home/home-5-light.png]
[template.codexshaper.com/admin/dashkit/assets-landing/images/home/home-6-light.png]
[template.codexshaper.com/admin/dashkit/assets-landing/images/home/home-7-light.png]
[template.codexshaper.com/admin/dashkit/assets-landing/images/home/home-1-dark.png]
[template.codexshaper.com/admin/dashkit/assets-landing/images/home/home-2-dark.png]
[template.codexshaper.com/admin/dashkit/dashboard-online-course-dark.html]
[template.codexshaper.com/admin/dashkit/assets-landing/images/home/home-3-dark.png]
[template.codexshaper.com/admin/dashkit/dashboard-ecommerce-dark.html]
[template.codexshaper.com/admin/dashkit/assets-landing/images/home/home-4-dark.png]
[template.codexshaper.com/admin/dashkit/dashboard-analytic-dark.html]
[template.codexshaper.com/admin/dashkit/assets-landing/images/home/home-5-dark.png]
[template.codexshaper.com/admin/dashkit/dashboard-project-manager-dark.html]
[template.codexshaper.com/admin/dashkit/assets-landing/images/home/home-6-dark.png]
[template.codexshaper.com/admin/dashkit/dashboard-logistic-dark.html]
[template.codexshaper.com/admin/dashkit/assets-landing/images/home/home-7-dark.png]
[template.codexshaper.com/admin/dashkit/dashboard-delivery-dark.html]
[template.codexshaper.com/admin/dashkit/assets-landing/images/inner-page/all-course.png]
[template.codexshaper.com/admin/dashkit/assets-landing/images/inner-page/mail.png]
[template.codexshaper.com/admin/dashkit/assets-landing/images/inner-page/chat.png]
[template.codexshaper.com/admin/dashkit/assets-landing/images/inner-page/sign-up.png]
[template.codexshaper.com/admin/dashkit/assets-landing/images/inner-page/apps-integration.png]
[template.codexshaper.com/admin/dashkit/assets-landing/images/inner-page/course-details.png]
[template.codexshaper.com/admin/dashkit/assets-landing/images/inner-page/mail-compose.png]
[template.codexshaper.com/admin/dashkit/assets-landing/images/inner-page/calendar.png]
[template.codexshaper.com/admin/dashkit/assets-landing/images/inner-page/notification.png]
[template.codexshaper.com/admin/dashkit/assets-landing/images/inner-page/support.png]
[template.codexshaper.com/admin/dashkit/index.html]
[template.codexshaper.com/admin/dashkit/assets/css/vendor/select/select2.min.css]
[template.codexshaper.com/admin/dashkit/assets/css/vendor/summernote.min.css]
[template.codexshaper.com/admin/dashkit/assets/images/profile/cover.png]
[template.codexshaper.com/assets/images/profile/profile.png]
[template.codexshaper.com/admin/dashkit/assets/images/icons/verified-icon-green.svg]
[template.codexshaper.com/admin/dashkit/assets/js/vendor/summernote.min.js]
[template.codexshaper.com/admin/dashkit/account-setting.html]
[template.codexshaper.com/admin/dashkit/assets/js/vendor/select/select2.min.js]
[template.codexshaper.com/admin/dashkit/assets/images/loti/loti-auth.svg]
[template.codexshaper.com/admin/dashkit/assets/images/loti/loti-auth-dark.svg]
[template.codexshaper.com/admin/dashkit/assets/images/icons/google.svg]
[template.codexshaper.com/admin/dashkit/sign-in.html]
[template.codexshaper.com/admin/dashkit/assets/images/logo/logo-text.svg]
[template.codexshaper.com/admin/dashkit/assets/images/logo/logo-text-dark.svg]
[template.codexshaper.com/admin/dashkit/assets/images/logo/logo-icon.svg]
[template.codexshaper.com/admin/dashkit/dashboard-lms.html]
[template.codexshaper.com/admin/dashkit/assets/images/icons/apple.svg]
[template.codexshaper.com/admin/dashkit/assets/css/vendor/jsvectormap.min.css]
[template.codexshaper.com/admin/dashkit/dashboard-admin.html]
[template.codexshaper.com/admin/dashkit/dashboard-instructor.html]
[template.codexshaper.com/admin/dashkit/assets/js/vendor/jsvectormap/jsvectormap.min.js]
[template.codexshaper.com/admin/dashkit/assets/js/vendor/jsvectormap/world-merc.min.js]
[template.codexshaper.com/admin/dashkit/dashboard-analytic.html]
[template.codexshaper.com/admin/dashkit/assets/js/pages/dashboard-analytics.js]
[template.codexshaper.com/admin/dashkit/assets/images/admin/top-course/top-course-5.png]
[template.codexshaper.com/admin/dashkit/assets/images/admin/top-course/top-course-6.png]
[template.codexshaper.com/admin/dashkit/assets/images/admin/top-course/top-course-7.png]
[template.codexshaper.com/admin/dashkit/assets/images/instructor/instructor-1.png]
[template.codexshaper.com/admin/dashkit/assets/images/instructor/instructor-2.png]
[template.codexshaper.com/admin/dashkit/assets/images/instructor/instructor-3.png]
[template.codexshaper.com/admin/dashkit/assets/images/instructor/instructor-4.png]
[template.codexshaper.com/admin/dashkit/assets/images/instructor/instructor-5.png]
[template.codexshaper.com/admin/dashkit/assets/images/instructor/instructor-6.png]
[template.codexshaper.com/admin/dashkit/dashboard-online-course.html]
[template.codexshaper.com/admin/dashkit/assets/js/pages/dashboard-online-course.js]
[template.codexshaper.com/admin/dashkit/assets/images/e-commerce/product-tab/watch.svg]
[template.codexshaper.com/admin/dashkit/assets/images/e-commerce/product-tab/shoe.svg]
[template.codexshaper.com/admin/dashkit/assets/images/e-commerce/product-tab/t-shirt.svg]
[template.codexshaper.com/admin/dashkit/assets/images/e-commerce/product-tab/game.svg]
[template.codexshaper.com/admin/dashkit/assets/images/e-commerce/product/product-5.png]
[template.codexshaper.com/admin/dashkit/assets/images/e-commerce/product/product-1.png]
[template.codexshaper.com/admin/dashkit/assets/images/e-commerce/product/product-2.png]
[template.codexshaper.com/admin/dashkit/assets/images/e-commerce/product/product-3.png]
[template.codexshaper.com/admin/dashkit/assets/images/e-commerce/product/product-7.png]
[template.codexshaper.com/admin/dashkit/assets/images/e-commerce/product/product-4.png]
[template.codexshaper.com/admin/dashkit/assets/images/e-commerce/product/product-6.png]
[template.codexshaper.com/admin/dashkit/assets/images/loti/loti-ecommerce-app.svg]
[template.codexshaper.com/admin/dashkit/assets/images/loti/loti-ecommerce-app-dark.svg]
[template.codexshaper.com/admin/dashkit/assets/images/flag/north-america.png]
[template.codexshaper.com/admin/dashkit/assets/images/flag/china.png]
[template.codexshaper.com/admin/dashkit/assets/images/flag/germany.png]
[template.codexshaper.com/admin/dashkit/assets/images/student/student-2.png]
[template.codexshaper.com/admin/dashkit/assets/images/student/student-3.png]
[template.codexshaper.com/admin/dashkit/assets/images/student/student-4.png]
[template.codexshaper.com/admin/dashkit/assets/images/student/student-1.png]
[template.codexshaper.com/admin/dashkit/assets/images/student/student-5.png]
[template.codexshaper.com/admin/dashkit/dashboard-ecommerce.html]
[template.codexshaper.com/admin/dashkit/assets/js/pages/dashboard-ecommerce.js]
[template.codexshaper.com/admin/dashkit/assets/css/vendor/flatpickr/flatpickr.min.css]
[template.codexshaper.com/admin/dashkit/assets/js/vendor/flatpickr/flatpickr.min.js]
[template.codexshaper.com/admin/dashkit/dashboard-project-manager.html]
[template.codexshaper.com/admin/dashkit/assets/js/pages/dashboard-project-manager.js]
[template.codexshaper.com/admin/dashkit/assets/images/flag/de.svg]
[template.codexshaper.com/admin/dashkit/dashboard-logistic.html]
[template.codexshaper.com/admin/dashkit/assets/js/pages/dashboard-logistic.js]
[template.codexshaper.com/admin/dashkit/dashboard-delivery.html]
[template.codexshaper.com/admin/dashkit/assets/js/pages/dashboard-delivery.js]
[template.codexshaper.com/admin/dashkit/assets/images/app/slack.svg]
[template.codexshaper.com/admin/dashkit/assets/images/icons/app-plug.svg]
[template.codexshaper.com/admin/dashkit/assets/images/app/g-meet.svg]
[template.codexshaper.com/admin/dashkit/assets/images/app/tiktok.svg]
[template.codexshaper.com/admin/dashkit/assets/images/app/ms-excell.svg]
[template.codexshaper.com/admin/dashkit/assets/images/app/mail-chimp.svg]
[template.codexshaper.com/admin/dashkit/assets/images/app/youtube.svg]
[template.codexshaper.com/admin/dashkit/assets/images/app/twitter.svg]
[template.codexshaper.com/admin/dashkit/app-list.html]
[template.codexshaper.com/admin/dashkit/app-grid.html]
[template.codexshaper.com/admin/dashkit/pricing.html]
[template.codexshaper.com/admin/dashkit/assets/images/app/trello.svg]
[template.codexshaper.com/admin/dashkit/assets/images/loti/loti-maintainence.svg]
[template.codexshaper.com/admin/dashkit/maintenance.html]
[template.codexshaper.com/admin/dashkit/faq.html]
[template.codexshaper.com/admin/dashkit/assets/images/loti/loti-maintainence-dark.svg]
[template.codexshaper.com/admin/dashkit/assets/images/loti/loti-404.svg]
[template.codexshaper.com/admin/dashkit/not-found.html]
[template.codexshaper.com/admin/dashkit/assets/images/loti/loti-404-dark.svg]
[template.codexshaper.com/admin/dashkit/assets/images/loti/loti-success-confirmation.svg]
[template.codexshaper.com/admin/dashkit/success-confirmation.html]
[template.codexshaper.com/admin/dashkit/assets/images/loti/loti-success-confirmation-dark.svg]
[template.codexshaper.com/admin/dashkit/assets/images/blog/blog-1.png]
[template.codexshaper.com/admin/dashkit/assets/images/blog/blog-2.png]
[template.codexshaper.com/admin/dashkit/assets/images/blog/blog-3.png]
[template.codexshaper.com/admin/dashkit/assets/images/blog/blog-4.png]
[template.codexshaper.com/admin/dashkit/assets/images/blog/blog-5.png]
[template.codexshaper.com/admin/dashkit/assets/images/blog/blog-6.png]
[template.codexshaper.com/admin/dashkit/blog.html]
[template.codexshaper.com/admin/dashkit/assets/images/blog-details/details-1.png]
[template.codexshaper.com/admin/dashkit/assets/images/course/student/st-course-1.png]
[template.codexshaper.com/admin/dashkit/assets/images/course/student/st-course-3.png]
[template.codexshaper.com/admin/dashkit/assets/images/course/student/st-course-5.png]
[template.codexshaper.com/admin/dashkit/blog-details.html]
[template.codexshaper.com/admin/dashkit/sign-up.html]
[template.codexshaper.com/admin/dashkit/two-step.html]
[template.codexshaper.com/admin/dashkit/forgot-password.html]
[template.codexshaper.com/admin/dashkit/new-password.html]
[template.codexshaper.com/admin/dashkit/log-device.html]
[template.codexshaper.com/admin/dashkit/payment-info.html]
[template.codexshaper.com/admin/dashkit/assets/js/pages/auth-two-step.js]
[template.codexshaper.com/admin/dashkit/payment-history.html]
[template.codexshaper.com/admin/dashkit/payout-history.html]
[template.codexshaper.com/admin/dashkit/all-course.html]
[template.codexshaper.com/admin/dashkit/assets/js/pages/payout-history.js]
[template.codexshaper.com/admin/dashkit/create-course.html]
[template.codexshaper.com/admin/dashkit/edit-course.html]
[template.codexshaper.com/admin/dashkit/assets/images/icons/upload-file.svg]
[template.codexshaper.com/admin/dashkit/assets/images/course/course-thumb.png]
[template.codexshaper.com/admin/dashkit/course-details.html]
[template.codexshaper.com/admin/dashkit/mailbox.html]
[template.codexshaper.com/admin/dashkit/assets/js/pages/course-details.js]
[template.codexshaper.com/admin/dashkit/mail-compose.html]
[template.codexshaper.com/admin/dashkit/mail-read.html]
[template.codexshaper.com/admin/dashkit/chatbox.html]
[template.codexshaper.com/admin/dashkit/file-manager.html]
[template.codexshaper.com/admin/dashkit/assets/js/vendor/choices.min.js]
[template.codexshaper.com/admin/dashkit/assets/js/vendor/fullcalendar/index.global.min.js]
[template.codexshaper.com/admin/dashkit/calendar-multi-month-stack.html]
[template.codexshaper.com/admin/dashkit/assets/js/pages/calendr-multi-month-stack.js]
[template.codexshaper.com/admin/dashkit/assets/css/vendor/prism.min.css]
[template.codexshaper.com/admin/dashkit/assets/js/vendor/prism.min.js]
[template.codexshaper.com/admin/dashkit/component-accordion.html]
[template.codexshaper.com/admin/dashkit/component-aleart.html]
[template.codexshaper.com/admin/dashkit/assets/js/component/prism-custom.js]
[template.codexshaper.com/admin/dashkit/component-badge.html]
[template.codexshaper.com/admin/dashkit/component-button.html]
[template.codexshaper.com/admin/dashkit/component-drawer.html]
[template.codexshaper.com/admin/dashkit/component-modal.html]
[template.codexshaper.com/admin/dashkit/component-rating.html]
[template.codexshaper.com/admin/dashkit/component-breadcrumb.html]
[template.codexshaper.com/admin/dashkit/assets/images/logo/logo-icon-sm.svg]
[template.codexshaper.com/admin/dashkit/component-navbar.html]
[template.codexshaper.com/admin/dashkit/component-pagination.html]
[template.codexshaper.com/admin/dashkit/component-checkbox.html]
[template.codexshaper.com/admin/dashkit/component-color-picker.html]
[template.codexshaper.com/admin/dashkit/component-form-editor.html]
[template.codexshaper.com/admin/dashkit/component-file-upload.html]
[template.codexshaper.com/admin/dashkit/component-form-input.html]
[template.codexshaper.com/admin/dashkit/component-form-layout.html]
[template.codexshaper.com/admin/dashkit/component-form-select.html]
[template.codexshaper.com/admin/dashkit/assets/images/icons/zip-file.svg]
[template.codexshaper.com/admin/dashkit/component-range-slider.html]
[template.codexshaper.com/admin/dashkit/assets/js/vendor/datatables/data-tables.min.js]
[template.codexshaper.com/admin/dashkit/assets/js/vendor/datatables/data-tables.tailwindcss.min.js]
[template.codexshaper.com/admin/dashkit/component-datatable.html]
[template.codexshaper.com/admin/dashkit/component-table.html]
[template.codexshaper.com/admin/dashkit/assets/js/vendor/datatables/datatables.init.js]
[template.codexshaper.com/admin/dashkit/assets/images/icons/less.png]
[template.codexshaper.com/admin/dashkit/assets/images/icons/geter.png]
[template.codexshaper.com/admin/dashkit/component-container.html]
[template.codexshaper.com/admin/dashkit/component-typography.html]
[template.codexshaper.com/admin/dashkit/assets/images/icons/bitcoin.svg]
[template.codexshaper.com/admin/dashkit/assets/images/icons/trend-up.svg]
[template.codexshaper.com/admin/dashkit/assets/images/icons/chat.svg]
[template.codexshaper.com/admin/dashkit/assets/images/icons/progress.svg]
[template.codexshaper.com/admin/dashkit/assets/images/icons/whatsapp.svg]
[template.codexshaper.com/admin/dashkit/assets/images/icons/Video.svg]
[template.codexshaper.com/admin/dashkit/component-widgets.html]
[template.codexshaper.com/admin/dashkit/component-remix-icon.html]
[template.codexshaper.com/admin/dashkit/documentation.html]
[template.codexshaper.com/admin/dashkit/assets/js/pages/dashboard-widgets.js]
[template.codexshaper.com/admin/dashkit/support.html]
[template.codexshaper.com/admin/dashkit/assets/images/loti/loti-admin-dashboard.svg]
[template.codexshaper.com/admin/dashkit/assets/images/loti/loti-admin-dashboard-dark.svg]
[template.codexshaper.com/admin/dashkit/assets/images/element/graphical-element-1.svg]
[template.codexshaper.com/admin/dashkit/assets/images/element/graphical-element-2.svg]
[template.codexshaper.com/admin/dashkit/assets/images/icons/category/graphic-design.svg]
[template.codexshaper.com/admin/dashkit/assets/images/icons/category/ui-ux.svg]
[template.codexshaper.com/admin/dashkit/assets/images/icons/category/web-dev.svg]
[template.codexshaper.com/admin/dashkit/assets/images/icons/category/digital-mar.svg]
[template.codexshaper.com/admin/dashkit/assets/images/icons/category/bus-dev.svg]
[template.codexshaper.com/admin/dashkit/assets/icon-font/remix/remixicon117c.html]
[template.codexshaper.com/admin/dashkit/assets/images/icons/dw-arr.svg]
[template.codexshaper.com/admin/dashkit/assets/images/icons/calendar-2-line.svg]
[template.codexshaper.com/assets/images/mask/blog-img-mask-2.html]
[template.codexshaper.com/admin/dashkit/assets/images/icons/checked.svg]
[template.codexshaper.com/admin/dashkit/assets-landing/images/icon/slider-icon.svg]
[template.codexshaper.com/admin/dashkit/dashboard-online-course-dark.html]
[template.codexshaper.com/admin/dashkit/assets/images/loti/loti-support.svg]
[template.codexshaper.com/admin/dashkit/dashboard-ecommerce-dark.html]
[template.codexshaper.com/admin/dashkit/dashboard-analytic-dark.html]
[template.codexshaper.com/admin/dashkit/dashboard-project-manager-dark.html]
[template.codexshaper.com/admin/dashkit/dashboard-logistic-dark.html]
[template.codexshaper.com/admin/dashkit/dashboard-delivery-dark.html]
[template.codexshaper.com/admin/dashkit/assets/css/vendor/select/select2.min.css]
[template.codexshaper.com/admin/dashkit/assets/css/vendor/font/summernote.eot]
[template.codexshaper.com/admin/dashkit/assets/css/vendor/font/summernoted41d.eot]
[template.codexshaper.com/admin/dashkit/assets/css/vendor/font/summernote.woff2]
[template.codexshaper.com/admin/dashkit/assets/css/vendor/font/summernote.woff]
[template.codexshaper.com/admin/dashkit/assets/css/vendor/font/summernote.ttf]
[template.codexshaper.com/admin/dashkit/assets/css/vendor/summernote.min.css]
[template.codexshaper.com/assets/images/profile/profile.html]
[template.codexshaper.com/admin/dashkit/assets/images/icons/verified-icon-green.svg]
[template.codexshaper.com/admin/dashkit/assets/images/loti/loti-auth.svg]
[template.codexshaper.com/admin/dashkit/assets/images/loti/loti-auth-dark.svg]
[template.codexshaper.com/admin/dashkit/assets/images/icons/google.svg]
[template.codexshaper.com/admin/dashkit/assets/images/icons/apple.svg]
[template.codexshaper.com/admin/dashkit/assets/css/vendor/jsvectormap.min.css]
[template.codexshaper.com/admin/dashkit/dashboard-admin.html]
[template.codexshaper.com/admin/dashkit/dashboard-instructor.html]
[template.codexshaper.com/admin/dashkit/assets/images/e-commerce/product-tab/watch.svg]
[template.codexshaper.com/admin/dashkit/assets/images/e-commerce/product-tab/shoe.svg]
[template.codexshaper.com/admin/dashkit/assets/images/e-commerce/product-tab/t-shirt.svg]
[template.codexshaper.com/admin/dashkit/assets/images/e-commerce/product-tab/game.svg]
[template.codexshaper.com/admin/dashkit/assets/images/loti/loti-ecommerce-app.svg]
[template.codexshaper.com/admin/dashkit/assets/images/loti/loti-ecommerce-app-dark.svg]
[template.codexshaper.com/admin/dashkit/assets/css/vendor/flatpickr/flatpickr.min.css]
[template.codexshaper.com/admin/dashkit/assets/images/flag/de.svg]
[template.codexshaper.com/admin/dashkit/assets/images/app/slack.svg]
[template.codexshaper.com/admin/dashkit/assets/images/icons/app-plug.svg]
[template.codexshaper.com/admin/dashkit/assets/images/app/g-meet.svg]
[template.codexshaper.com/admin/dashkit/assets/images/app/tiktok.svg]
[template.codexshaper.com/admin/dashkit/assets/images/app/ms-excell.svg]
[template.codexshaper.com/admin/dashkit/assets/images/app/mail-chimp.svg]
[template.codexshaper.com/admin/dashkit/assets/images/app/youtube.svg]
[template.codexshaper.com/admin/dashkit/assets/images/app/twitter.svg]
[template.codexshaper.com/admin/dashkit/assets/images/app/trello.svg]
[template.codexshaper.com/admin/dashkit/assets/images/loti/loti-maintainence.svg]
[template.codexshaper.com/admin/dashkit/assets/images/loti/loti-maintainence-dark.svg]
[template.codexshaper.com/admin/dashkit/assets/images/loti/loti-404.svg]
[template.codexshaper.com/admin/dashkit/assets/images/loti/loti-404-dark.svg]
[template.codexshaper.com/admin/dashkit/assets/images/loti/loti-success-confirmation.svg]
[template.codexshaper.com/admin/dashkit/assets/images/loti/loti-success-confirmation-dark.svg]
[template.codexshaper.com/admin/dashkit/assets/images/icons/upload-file.svg]
[template.codexshaper.com/admin/dashkit/assets/css/vendor/prism.min.css]
[template.codexshaper.com/admin/dashkit/assets/images/logo/logo-icon-sm.html]
[template.codexshaper.com/admin/dashkit/assets/images/icons/zip-file.svg]
[template.codexshaper.com/admin/dashkit/assets/images/icons/bitcoin.svg]
[template.codexshaper.com/admin/dashkit/assets/images/icons/trend-up.svg]
[template.codexshaper.com/admin/dashkit/assets/images/icons/chat.svg]
[template.codexshaper.com/admin/dashkit/assets/images/icons/progress.svg]
[template.codexshaper.com/admin/dashkit/assets/images/icons/whatsapp.svg]
[template.codexshaper.com/admin/dashkit/assets/images/icons/Video.svg]
[template.codexshaper.com/admin/dashkit/assets/images/loti/loti-support.svg]
[template.codexshaper.com/admin/dashkit/assets/css/vendor/font/summernote.html]
[template.codexshaper.com/admin/dashkit/assets/css/vendor/font/summernoted41d.html]
[template.codexshaper.com/admin/dashkit/assets/css/vendor/font/summernote-2.html]
[template.codexshaper.com/admin/dashkit/assets/css/vendor/font/summernote-3.html]
[template.codexshaper.com/admin/dashkit/assets/css/vendor/font/summernote-4.html]
